Hi there.
Second time.